Archive member included to satisfy reference by file (symbol)

c:/program files (x86)/atmel/studio/7.0/toolchain/avr8/avr8-gnu-toolchain/bin/../lib/gcc/avr/4.9.2/avrxmega6\libgcc.a(_udivmodsi4.o)
                              src/ASF/xmega/drivers/spi/spi.o (__udivmodsi4)
c:/program files (x86)/atmel/studio/7.0/toolchain/avr8/avr8-gnu-toolchain/bin/../lib/gcc/avr/4.9.2/avrxmega6\libgcc.a(_exit.o)
                              C:/Program Files (x86)/Atmel/Studio/7.0/Packs/atmel/XMEGAA_DFP/1.0.38/gcc/dev/atxmega256a3bu/avrxmega6/crtatxmega256a3bu.o (exit)
c:/program files (x86)/atmel/studio/7.0/toolchain/avr8/avr8-gnu-toolchain/bin/../lib/gcc/avr/4.9.2/avrxmega6\libgcc.a(_tablejump2.o)
                              src/main.o (__tablejump2__)
c:/program files (x86)/atmel/studio/7.0/toolchain/avr8/avr8-gnu-toolchain/bin/../lib/gcc/avr/4.9.2/avrxmega6\libgcc.a(_copy_data.o)
                              src/music.o (__do_copy_data)
c:/program files (x86)/atmel/studio/7.0/toolchain/avr8/avr8-gnu-toolchain/bin/../lib/gcc/avr/4.9.2/avrxmega6\libgcc.a(_clear_bss.o)
                              src/ASF/common/services/gfx_mono/gfx_mono_c12832_a1z.o (__do_clear_bss)
c:/program files (x86)/atmel/studio/7.0/toolchain/avr8/avr8-gnu-toolchain/bin/../lib/gcc/avr/4.9.2/avrxmega6\libgcc.a(_umulhisi3.o)
                              src/jets_util.o (__umulhisi3)
c:/program files (x86)/atmel/studio/7.0/toolchain/avr8/avr8-gnu-toolchain/bin/../lib/gcc/avr/4.9.2/../../../../avr/lib/avrxmega6\libc.a(memcpy.o)
                              src/ASF/xmega/drivers/nvm/nvm.o (memcpy)

Discarded input sections

 .data          0x00000000        0x0 C:/Program Files (x86)/Atmel/Studio/7.0/Packs/atmel/XMEGAA_DFP/1.0.38/gcc/dev/atxmega256a3bu/avrxmega6/crtatxmega256a3bu.o
 .bss           0x00000000        0x0 C:/Program Files (x86)/Atmel/Studio/7.0/Packs/atmel/XMEGAA_DFP/1.0.38/gcc/dev/atxmega256a3bu/avrxmega6/crtatxmega256a3bu.o
 .group         0x00000000        0x8 src/jets_util.o
 .group         0x00000000        0x8 src/jets_util.o
 .group         0x00000000        0x8 src/jets_util.o
 .group         0x00000000        0x8 src/jets_util.o
 .group         0x00000000        0x8 src/jets_util.o
 .text          0x00000000        0x0 src/jets_util.o
 .data          0x00000000        0x0 src/jets_util.o
 .bss           0x00000000        0x0 src/jets_util.o
 .group         0x00000000        0x8 src/solenoid.o
 .group         0x00000000        0x8 src/solenoid.o
 .group         0x00000000        0x8 src/solenoid.o
 .group         0x00000000        0x8 src/solenoid.o
 .group         0x00000000        0x8 src/solenoid.o
 .group         0x00000000        0x8 src/solenoid.o
 .group         0x00000000        0x8 src/solenoid.o
 .group         0x00000000        0x8 src/solenoid.o
 .group         0x00000000        0x8 src/solenoid.o
 .group         0x00000000        0x8 src/solenoid.o
 .group         0x00000000        0x8 src/solenoid.o
 .group         0x00000000        0x8 src/solenoid.o
 .group         0x00000000        0x8 src/solenoid.o
 .group         0x00000000        0x8 src/solenoid.o
 .group         0x00000000        0x8 src/solenoid.o
 .group         0x00000000        0x8 src/solenoid.o
 .group         0x00000000        0x8 src/solenoid.o
 .group         0x00000000        0x8 src/solenoid.o
 .group         0x00000000        0x8 src/solenoid.o
 .group         0x00000000        0x8 src/solenoid.o
 .group         0x00000000        0x8 src/solenoid.o
 .group         0x00000000        0x8 src/solenoid.o
 .group         0x00000000        0x8 src/solenoid.o
 .group         0x00000000        0x8 src/solenoid.o
 .group         0x00000000        0x8 src/solenoid.o
 .group         0x00000000        0x8 src/solenoid.o
 .group         0x00000000        0x8 src/solenoid.o
 .group         0x00000000        0x8 src/solenoid.o
 .group         0x00000000        0x8 src/solenoid.o
 .group         0x00000000        0x8 src/solenoid.o
 .group         0x00000000        0x8 src/solenoid.o
 .group         0x00000000        0x8 src/solenoid.o
 .group         0x00000000        0x8 src/solenoid.o
 .group         0x00000000        0x8 src/solenoid.o
 .group         0x00000000        0x8 src/solenoid.o
 .text          0x00000000        0x0 src/solenoid.o
 .data          0x00000000        0x0 src/solenoid.o
 .bss           0x00000000        0x0 src/solenoid.o
 .debug_macro   0x00000000      0xa9c src/solenoid.o
 .debug_macro   0x00000000      0x1ad src/solenoid.o
 .debug_macro   0x00000000      0x293 src/solenoid.o
 .group         0x00000000        0x8 src/music.o
 .group         0x00000000        0x8 src/music.o
 .group         0x00000000        0x8 src/music.o
 .group         0x00000000        0x8 src/music.o
 .group         0x00000000        0x8 src/music.o
 .group         0x00000000        0x8 src/music.o
 .group         0x00000000        0x8 src/music.o
 .group         0x00000000        0x8 src/music.o
 .group         0x00000000        0x8 src/music.o
[...]
Memory Configuration

Name             Origin             Length             Attributes
text             0x00000000         0x00100000         xr
data             0x00802000         0x0000ffa0         rw !x
eeprom           0x00810000         0x00010000         rw !x
fuse             0x00820000         0x00000400         rw !x
lock             0x00830000         0x00000400         rw !x
signature        0x00840000         0x00000400         rw !x
user_signatures  0x00850000         0x00000400         rw !x
*default*        0x00000000         0xffffffff

Linker script and memory map

LOAD C:/Program Files (x86)/Atmel/Studio/7.0/Packs/atmel/XMEGAA_DFP/1.0.38/gcc/dev/atxmega256a3bu/avrxmega6/crtatxmega256a3bu.o
LOAD src/jets_util.o
LOAD src/solenoid.o
LOAD src/music.o
LOAD src/ASF/common/components/display/st7565r/st7565r.o
LOAD src/ASF/common/services/clock/xmega/sysclk.o
LOAD src/ASF/common/services/gfx_mono/gfx_mono_c12832_a1z.o
LOAD src/ASF/common/services/gfx_mono/gfx_mono_framebuffer.o
LOAD src/ASF/common/services/gfx_mono/gfx_mono_generic.o
LOAD src/ASF/common/services/gfx_mono/gfx_mono_menu.o
LOAD src/ASF/common/services/gfx_mono/gfx_mono_text.o
LOAD src/ASF/common/services/gfx_mono/sysfont.o
LOAD src/ASF/common/services/spi/xmega_spi/spi_master.o
LOAD src/ASF/common/services/spi/xmega_usart_spi/usart_spi.o
LOAD src/ASF/xmega/drivers/nvm/nvm.o
LOAD src/ASF/xmega/drivers/nvm/nvm_asm.o
LOAD src/ASF/xmega/drivers/cpu/ccp.o
LOAD src/ASF/common/services/ioport/xmega/ioport_compat.o
LOAD src/ASF/xmega/boards/xmega_a3bu_xplained/init.o
LOAD src/ASF/xmega/drivers/spi/spi.o
LOAD src/ASF/xmega/drivers/usart/usart.o
LOAD src/keyboard.o
LOAD src/main.o
START GROUP
LOAD c:/program files (x86)/atmel/studio/7.0/toolchain/avr8/avr8-gnu-toolchain/bin/../lib/gcc/avr/4.9.2/../../../../avr/lib/avrxmega6\libm.a
END GROUP
Address of section .BOOT set to 0x40000
START GROUP
LOAD c:/program files (x86)/atmel/studio/7.0/toolchain/avr8/avr8-gnu-toolchain/bin/../lib/gcc/avr/4.9.2/avrxmega6\libgcc.a
LOAD c:/program files (x86)/atmel/studio/7.0/toolchain/avr8/avr8-gnu-toolchain/bin/../lib/gcc/avr/4.9.2/../../../../avr/lib/avrxmega6\libm.a
LOAD c:/program files (x86)/atmel/studio/7.0/toolchain/avr8/avr8-gnu-toolchain/bin/../lib/gcc/avr/4.9.2/../../../../avr/lib/avrxmega6\libc.a
LOAD C:/Program Files (x86)/Atmel/Studio/7.0/Packs/atmel/XMEGAA_DFP/1.0.38/gcc/dev/atxmega256a3bu/avrxmega6\libatxmega256a3bu.a
END GROUP

.hash
 *(.hash)

.dynsym
 *(.dynsym)

.dynstr
 *(.dynstr)

.gnu.version
 *(.gnu.version)

.gnu.version_d
 *(.gnu.version_d)

.gnu.version_r
 *(.gnu.version_r)

.rel.init
 *(.rel.init)

.rela.init
 *(.rela.init)

.rel.text
 *(.rel.text)
 *(.rel.text.*)
 *(.rel.gnu.linkonce.t*)

.rela.text
 *(.rela.text)
 *(.rela.text.*)
 *(.rela.gnu.linkonce.t*)

.rel.fini
 *(.rel.fini)

.rela.fini
 *(.rela.fini)

.rel.rodata
 *(.rel.rodata)
 *(.rel.rodata.*)
 *(.rel.gnu.linkonce.r*)

.rela.rodata
 *(.rela.rodata)
 *(.rela.rodata.*)
 *(.rela.gnu.linkonce.r*)

.rel.data
 *(.rel.data)
 *(.rel.data.*)
 *(.rel.gnu.linkonce.d*)

.rela.data
 *(.rela.data)
 *(.rela.data.*)
 *(.rela.gnu.linkonce.d*)

.rel.ctors
 *(.rel.ctors)

.rela.ctors
 *(.rela.ctors)

.rel.dtors
 *(.rel.dtors)

.rela.dtors
 *(.rela.dtors)

.rel.got
 *(.rel.got)

.rela.got
 *(.rela.got)

.rel.bss
 *(.rel.bss)

.rela.bss
 *(.rela.bss)

.rel.plt
 *(.rel.plt)

.rela.plt
 *(.rela.plt)

.text           0x00000000     0x2074
 *(.vectors)
 .vectors       0x00000000      0x1fc C:/Program Files (x86)/Atmel/Studio/7.0/Packs/atmel/XMEGAA_DFP/1.0.38/gcc/dev/atxmega256a3bu/avrxmega6/crtatxmega256a3bu.o
                0x00000000                __vector_default
                0x00000000                __vectors
 *(.vectors)
 *(.progmem.gcc*)
 .progmem.gcc_sw_table.main
                0x000001fc        0xe src/main.o
                0x0000020a                . = ALIGN (0x2)
                0x0000020a                __trampolines_start = .
 *(.trampolines)
 .trampolines   0x0000020a        0x0 linker stubs
 *(.trampolines*)
                0x0000020a                __trampolines_end = .
 *(.progmem*)
 .progmem.data.arrow_right_data
                0x0000020a        0x4 src/ASF/common/services/gfx_mono/gfx_mono_menu.o
                0x0000020a                arrow_right_data
 .progmem.data.sysfont_glyphs
                0x0000020e      0x292 src/ASF/common/services/gfx_mono/sysfont.o
 .progmem.data.option_four
                0x000004a0        0xe src/main.o
                0x000004a0                option_four
 .progmem.data.option_three
                0x000004ae        0x9 src/main.o
                0x000004ae                option_three
 .progmem.data.option_two
                0x000004b7       0x13 src/main.o
                0x000004b7                option_two
 .progmem.data.option_one
                0x000004ca        0x9 src/main.o
                0x000004ca                option_one
 .progmem.data.main_menu_title
                0x000004d3        0xe src/main.o
                0x000004d3                main_menu_title
                0x000004e2                . = ALIGN (0x2)
 *fill*         0x000004e1        0x1 
 *(.jumptables)
 *(.jumptables*)
 *(.lowtext)
 *(.lowtext*)
                0x000004e2                __ctors_start = .
 *(.ctors)
                0x000004e2                __ctors_end = .
                0x000004e2                __dtors_start = .
 *(.dtors)
                0x000004e2                __dtors_end = .
 SORT(*)(.ctors)
 SORT(*)(.dtors)
 *(.init0)
 .init0         0x000004e2        0x0 C:/Program Files (x86)/Atmel/Studio/7.0/Packs/atmel/XMEGAA_DFP/1.0.38/gcc/dev/atxmega256a3bu/avrxmega6/crtatxmega256a3bu.o
                0x000004e2                __init
 *(.init0)
 *(.init1)
 *(.init1)
 *(.init2)
 .init2         0x000004e2       0x10 C:/Program Files (x86)/Atmel/Studio/7.0/Packs/atmel/XMEGAA_DFP/1.0.38/gcc/dev/atxmega256a3bu/avrxmega6/crtatxmega256a3bu.o
 *(.init2)
 *(.init3)
 *(.init3)
 *(.init4)
 .init4         0x000004f2       0x1a c:/program files (x86)/atmel/studio/7.0/toolchain/avr8/avr8-gnu-toolchain/bin/../lib/gcc/avr/4.9.2/avrxmega6\libgcc.a(_copy_data.o)
                0x000004f2                __do_copy_data
 .init4         0x0000050c       0x10 c:/program files (x86)/atmel/studio/7.0/toolchain/avr8/avr8-gnu-toolchain/bin/../lib/gcc/avr/4.9.2/avrxmega6\libgcc.a(_clear_bss.o)
                0x0000050c                __do_clear_bss
 *(.init4)
 *(.init5)
 *(.init5)
 *(.init6)
 *(.init6)
 *(.init7)
 *(.init7)
 *(.init8)
 *(.init8)
 *(.init9)
 .init9         0x0000051c        0x8 C:/Program Files (x86)/Atmel/Studio/7.0/Packs/atmel/XMEGAA_DFP/1.0.38/gcc/dev/atxmega256a3bu/avrxmega6/crtatxmega256a3bu.o
 *(.init9)
 *(.text)
 .text          0x00000524        0x2 C:/Program Files (x86)/Atmel/Studio/7.0/Packs/atmel/XMEGAA_DFP/1.0.38/gcc/dev/atxmega256a3bu/avrxmega6/crtatxmega256a3bu.o
                0x00000524                __vector_38
                0x00000524                __vector_104
                0x00000524                __vector_22
                0x00000524                __vector_63
                0x00000524                __vector_28
                0x00000524                __vector_67
                0x00000524                __vector_1
                0x00000524                __vector_119
                0x00000524                __vector_32
                0x00000524                __vector_75
                0x00000524                __vector_71
                0x00000524                __vector_91
                0x00000524                __vector_34
                0x00000524                __vector_62
                0x00000524                __vector_77
                0x00000524                __vector_102
                0x00000524                __vector_24
                0x00000524                __vector_12
                0x00000524                __vector_55
                0x00000524                __vector_69
                0x00000524                __vector_81
                0x00000524                __vector_90
                0x00000524                __vector_46
                0x00000524                __bad_interrupt
                0x00000524                __vector_122
                0x00000524                __vector_72
                0x00000524                __vector_114
                0x00000524                __vector_6
                0x00000524                __vector_110
                0x00000524                __vector_31
                0x00000524                __vector_92
                0x00000524                __vector_35
                0x00000524                __vector_78
                0x00000524                __vector_74
                0x00000524                __vector_117
                0x00000524                __vector_39
                0x00000524                __vector_107
                0x00000524                __vector_3
                0x00000524                __vector_105
                0x00000524                __vector_98
                0x00000524                __vector_23
                0x00000524                __vector_68
                0x00000524                __vector_30
                0x00000524                __vector_73
                0x00000524                __vector_45
                0x00000524                __vector_25
                0x00000524                __vector_93
                0x00000524                __vector_61
                0x00000524                __vector_11
                0x00000524                __vector_54
                0x00000524                __vector_99
                0x00000524                __vector_13
                0x00000524                __vector_17
                0x00000524                __vector_19
                0x00000524                __vector_56
                0x00000524                __vector_7
                0x00000524                __vector_125
                0x00000524                __vector_49
                0x00000524                __vector_123
                0x00000524                __vector_41
                0x00000524                __vector_86
                0x00000524                __vector_100
                0x00000524                __vector_101
                0x00000524                __vector_64
                0x00000524                __vector_88
                0x00000524                __vector_109
                0x00000524                __vector_43
                0x00000524                __vector_27
                0x00000524                __vector_5
                0x00000524                __vector_113
                0x00000524                __vector_33
                0x00000524                __vector_76
                0x00000524                __vector_115
                0x00000524                __vector_47
                0x00000524                __vector_52
                0x00000524                __vector_37
                0x00000524                __vector_95
                0x00000524                __vector_103
                0x00000524                __vector_96
                0x00000524                __vector_89
                0x00000524                __vector_108
                0x00000524                __vector_4
                0x00000524                __vector_44
                0x00000524                __vector_82
                0x00000524                __vector_106
                0x00000524                __vector_118
                0x00000524                __vector_51
                0x00000524                __vector_9
                0x00000524                __vector_2
                0x00000524                __vector_21
                0x00000524                __vector_15
                0x00000524                __vector_66
                0x00000524                __vector_36
                0x00000524                __vector_79
                0x00000524                __vector_58
                0x00000524                __vector_70
                0x00000524                __vector_83
                0x00000524                __vector_29
                0x00000524                __vector_60
                0x00000524                __vector_121
                0x00000524                __vector_40
                0x00000524                __vector_85
                0x00000524                __vector_94
                0x00000524                __vector_126
                0x00000524                __vector_8
                0x00000524                __vector_26
                0x00000524                __vector_48
                0x00000524                __vector_124
                0x00000524                __vector_116
                0x00000524                __vector_112
                0x00000524                __vector_111
                0x00000524                __vector_80
                0x00000524                __vector_14
                0x00000524                __vector_84
                0x00000524                __vector_57
                0x00000524                __vector_53
                0x00000524                __vector_10
                0x00000524                __vector_50
                0x00000524                __vector_16
                0x00000524                __vector_59
                0x00000524                __vector_18
                0x00000524                __vector_97
                0x00000524                __vector_20
                0x00000524                __vector_42
                0x00000524                __vector_87
                0x00000524                __vector_65
                0x00000524                __vector_120
                0x00000526                . = ALIGN (0x2)
 *(.text.*)
 .text.jets_delay_ms
                0x00000526       0x36 src/jets_util.o
                0x00000526                jets_delay_ms
 .text.solenoid_init
                0x0000055c       0x22 src/solenoid.o
                0x0000055c                solenoid_init
 .text.solenoid_high_low
                0x0000057e       0x3e src/solenoid.o
                0x0000057e                solenoid_high_low
 .text.play_note
                0x000005bc       0x18 src/music.o
                0x000005bc                play_note
 .text.play_song
                0x000005d4       0x38 src/music.o
                0x000005d4                play_song
 .text.st7565r_init
                0x0000060c      0x36c src/ASF/common/components/display/st7565r/st7565r.o
                0x0000060c                st7565r_init
 .text.sysclk_init
                0x00000978       0x20 src/ASF/common/services/clock/xmega/sysclk.o
                0x00000978                sysclk_init
 .text.sysclk_enable_module
                0x00000998       0x18 src/ASF/common/services/clock/xmega/sysclk.o
                0x00000998                sysclk_enable_module
 .text.gfx_mono_st7565r_put_page
                0x000009b0      0x1a6 src/ASF/common/services/gfx_mono/gfx_mono_c12832_a1z.o
                0x000009b0                gfx_mono_st7565r_put_page
 .text.gfx_mono_st7565r_put_byte
                0x00000b56      0x14e src/ASF/common/services/gfx_mono/gfx_mono_c12832_a1z.o
                0x00000b56                gfx_mono_st7565r_put_byte
 .text.gfx_mono_st7565r_init
                0x00000ca4       0x84 src/ASF/common/services/gfx_mono/gfx_mono_c12832_a1z.o
                0x00000ca4                gfx_mono_st7565r_init
 .text.gfx_mono_st7565r_draw_pixel
                0x00000d28       0x7c src/ASF/common/services/gfx_mono/gfx_mono_c12832_a1z.o
                0x00000d28                gfx_mono_st7565r_draw_pixel
 .text.gfx_mono_st7565r_get_byte
                0x00000da4        0x4 src/ASF/common/services/gfx_mono/gfx_mono_c12832_a1z.o
                0x00000da4                gfx_mono_st7565r_get_byte
 .text.gfx_mono_set_framebuffer
                0x00000da8        0xa src/ASF/common/services/gfx_mono/gfx_mono_framebuffer.o
                0x00000da8                gfx_mono_set_framebuffer
 .text.gfx_mono_framebuffer_put_page
                0x00000db2       0x28 src/ASF/common/services/gfx_mono/gfx_mono_framebuffer.o
                0x00000db2                gfx_mono_framebuffer_put_page
 .text.gfx_mono_framebuffer_put_byte
                0x00000dda       0x1c src/ASF/common/services/gfx_mono/gfx_mono_framebuffer.o
                0x00000dda                gfx_mono_framebuffer_put_byte
 .text.gfx_mono_framebuffer_get_byte
                0x00000df6       0x1c src/ASF/common/services/gfx_mono/gfx_mono_framebuffer.o
                0x00000df6                gfx_mono_framebuffer_get_byte
 .text.gfx_mono_generic_draw_horizontal_line
                0x00000e12       0xd6 src/ASF/common/services/gfx_mono/gfx_mono_generic.o
                0x00000e12                gfx_mono_generic_draw_horizontal_line
 .text.gfx_mono_generic_draw_filled_rect
                0x00000ee8       0x34 src/ASF/common/services/gfx_mono/gfx_mono_generic.o
                0x00000ee8                gfx_mono_generic_draw_filled_rect
 .text.gfx_mono_generic_put_bitmap
                0x00000f1c       0xd4 src/ASF/common/services/gfx_mono/gfx_mono_generic.o
                0x00000f1c                gfx_mono_generic_put_bitmap
 .text.menu_draw
                0x00000ff0       0xf8 src/ASF/common/services/gfx_mono/gfx_mono_menu.o
 .text.gfx_mono_menu_init
                0x000010e8       0x30 src/ASF/common/services/gfx_mono/gfx_mono_menu.o
                0x000010e8                gfx_mono_menu_init
 .text.gfx_mono_menu_process_key
                0x00001118       0x64 src/ASF/common/services/gfx_mono/gfx_mono_menu.o
                0x00001118                gfx_mono_menu_process_key
 .text.gfx_mono_draw_char
                0x0000117c       0xba src/ASF/common/services/gfx_mono/gfx_mono_text.o
                0x0000117c                gfx_mono_draw_char
 .text.gfx_mono_draw_string
                0x00001236       0x52 src/ASF/common/services/gfx_mono/gfx_mono_text.o
                0x00001236                gfx_mono_draw_string
 .text.gfx_mono_draw_progmem_string
                0x00001288       0x5e src/ASF/common/services/gfx_mono/gfx_mono_text.o
                0x00001288                gfx_mono_draw_progmem_string
 .text.usart_spi_init
                0x000012e6       0x5e src/ASF/common/services/spi/xmega_usart_spi/usart_spi.o
                0x000012e6                usart_spi_init
 .text.usart_spi_setup_device
                0x00001344       0x34 src/ASF/common/services/spi/xmega_usart_spi/usart_spi.o
                0x00001344                usart_spi_setup_device
 .text.usart_spi_select_device
                0x00001378       0x2c src/ASF/common/services/spi/xmega_usart_spi/usart_spi.o
                0x00001378                usart_spi_select_device
 .text.usart_spi_deselect_device
                0x000013a4       0x2c src/ASF/common/services/spi/xmega_usart_spi/usart_spi.o
                0x000013a4                usart_spi_deselect_device
 .text.ioport_configure_port_pin
                0x000013d0       0x50 src/ASF/common/services/ioport/xmega/ioport_compat.o
                0x000013d0                ioport_configure_port_pin
 .text.board_init
                0x00001420      0x13a src/ASF/xmega/boards/xmega_a3bu_xplained/init.o
                0x00001420                board_init
 .text.usart_putchar
                0x0000155a       0x10 src/ASF/xmega/drivers/usart/usart.o
                0x0000155a                usart_putchar
 .text.usart_getchar
                0x0000156a        0xc src/ASF/xmega/drivers/usart/usart.o
                0x0000156a                usart_getchar
 .text.usart_set_baudrate
                0x00001576      0x22a src/ASF/xmega/drivers/usart/usart.o
                0x00001576                usart_set_baudrate
 .text.usart_init_rs232
                0x000017a0      0x222 src/ASF/xmega/drivers/usart/usart.o
                0x000017a0                usart_init_rs232
 .text.usart_spi_set_baudrate
                0x000019c2       0x62 src/ASF/xmega/drivers/usart/usart.o
                0x000019c2                usart_spi_set_baudrate
 .text.usart_init_spi
                0x00001a24      0x374 src/ASF/xmega/drivers/usart/usart.o
                0x00001a24                usart_init_spi
 .text.keyboard_get_key_state
                0x00001d98       0xf2 src/keyboard.o
                0x00001d98                keyboard_get_key_state
 .text.play_song_with_input
                0x00001e8a       0x48 src/main.o
 .text.song_menu
                0x00001ed2       0x40 src/main.o
                0x00001ed2                song_menu
 .text.main     0x00001f12       0xec src/main.o
                0x00001f12                main
 .text.libgcc.div
                0x00001ffe       0x44 c:/program files (x86)/atmel/studio/7.0/toolchain/avr8/avr8-gnu-toolchain/bin/../lib/gcc/avr/4.9.2/avrxmega6\libgcc.a(_udivmodsi4.o)
                0x00001ffe                __udivmodsi4
 .text.libgcc   0x00002042       0x10 c:/program files (x86)/atmel/studio/7.0/toolchain/avr8/avr8-gnu-toolchain/bin/../lib/gcc/avr/4.9.2/avrxmega6\libgcc.a(_tablejump2.o)
                0x00002042                __tablejump2__
 .text.libgcc.mul
                0x00002052       0x1e c:/program files (x86)/atmel/studio/7.0/toolchain/avr8/avr8-gnu-toolchain/bin/../lib/gcc/avr/4.9.2/avrxmega6\libgcc.a(_umulhisi3.o)
                0x00002052                __umulhisi3
                0x00002070                . = ALIGN (0x2)
 *(.fini9)
 .fini9         0x00002070        0x0 c:/program files (x86)/atmel/studio/7.0/toolchain/avr8/avr8-gnu-toolchain/bin/../lib/gcc/avr/4.9.2/avrxmega6\libgcc.a(_exit.o)
                0x00002070                _exit
                0x00002070                exit
 *(.fini9)
 *(.fini8)
 *(.fini8)
 *(.fini7)
 *(.fini7)
 *(.fini6)
 *(.fini6)
 *(.fini5)
 *(.fini5)
 *(.fini4)
 *(.fini4)
 *(.fini3)
 *(.fini3)
 *(.fini2)
 *(.fini2)
 *(.fini1)
 *(.fini1)
 *(.fini0)
 .fini0         0x00002070        0x4 c:/program files (x86)/atmel/studio/7.0/toolchain/avr8/avr8-gnu-toolchain/bin/../lib/gcc/avr/4.9.2/avrxmega6\libgcc.a(_exit.o)
 *(.fini0)
                0x00002074                _etext = .

.data           0x00802000       0x60 load address 0x00002074
                0x00802000                PROVIDE (__data_start, .)
 *(.data)
 *(.data*)
 .data.SAMPLE_SONG_LENGTH
                0x00802000        0x2 src/music.o
                0x00802000                SAMPLE_SONG_LENGTH
 .data.MISERLOU
                0x00802002        0x3 src/music.o
                0x00802002                MISERLOU
 .data.STAIRWAY
                0x00802005       0x12 src/music.o
                0x00802005                STAIRWAY
 .data.SAMPLE_SONG
                0x00802017       0x12 src/music.o
                0x00802017                SAMPLE_SONG
 .data.menu_bitmap_indicator
                0x00802029        0x5 src/ASF/common/services/gfx_mono/gfx_mono_menu.o
                0x00802029                menu_bitmap_indicator
 .data.sysfont  0x0080202e        0x7 src/ASF/common/services/gfx_mono/sysfont.o
                0x0080202e                sysfont
 .data.SERIAL_OPTIONS.5652
                0x00802035        0x7 src/main.o
 .data.main_menu
                0x0080203c        0x7 src/main.o
                0x0080203c                main_menu
 .data.main_menu_strings
                0x00802043        0x8 src/main.o
                0x00802043                main_menu_strings
 *(.rodata)
 *(.rodata*)
 .rodata.str1.1
                0x0080204b       0x14 src/main.o
 *(.gnu.linkonce.d*)
                0x00802060                . = ALIGN (0x2)
 *fill*         0x0080205f        0x1 
                0x00802060                _edata = .
                0x00802060                PROVIDE (__data_end, .)

.bss            0x00802060      0x204
                0x00802060                PROVIDE (__bss_start, .)
 *(.bss)
 *(.bss*)
 .bss.framebuffer
                0x00802060      0x200 src/ASF/common/services/gfx_mono/gfx_mono_c12832_a1z.o
 .bss.fbpointer
                0x00802260        0x2 src/ASF/common/services/gfx_mono/gfx_mono_framebuffer.o
 .bss.redraw_state.5075
                0x00802262        0x1 src/ASF/common/services/gfx_mono/gfx_mono_menu.o
 .bss.key_state.4413
                0x00802263        0x1 src/keyboard.o
 *(COMMON)
                0x00802264                PROVIDE (__bss_end, .)
                0x00002074                __data_load_start = LOADADDR (.data)
                0x000020d4                __data_load_end = (__data_load_start + SIZEOF (.data))

.noinit         0x00802264        0x0
                0x00802264                PROVIDE (__noinit_start, .)
 *(.noinit*)
                0x00802264                PROVIDE (__noinit_end, .)
                0x00802264                _end = .
                0x00802264                PROVIDE (__heap_start, .)

.eeprom         0x00810000        0x0
 *(.eeprom*)
                0x00810000                __eeprom_end = .

.fuse
 *(.fuse)
 *(.lfuse)
 *(.hfuse)
 *(.efuse)

.lock
 *(.lock*)

.signature
 *(.signature*)

.user_signatures
 *(.user_signatures*)

.stab
 *(.stab)

.stabstr
 *(.stabstr)

.stab.excl
 *(.stab.excl)

.stab.exclstr
 *(.stab.exclstr)

.stab.index
 *(.stab.index)

.stab.indexstr
 *(.stab.indexstr)

.comment        0x00000000       0x30
 *(.comment)
 .comment       0x00000000       0x30 src/jets_util.o
                                 0x31 (size before relaxing)
 .comment       0x00000030       0x31 src/solenoid.o
 .comment       0x00000030       0x31 src/music.o
 .comment       0x00000030       0x31 src/ASF/common/components/display/st7565r/st7565r.o
 .comment       0x00000030       0x31 src/ASF/common/services/clock/xmega/sysclk.o
 .comment       0x00000030       0x31 src/ASF/common/services/gfx_mono/gfx_mono_c12832_a1z.o
 .comment       0x00000030       0x31 src/ASF/common/services/gfx_mono/gfx_mono_framebuffer.o
 .comment       0x00000030       0x31 src/ASF/common/services/gfx_mono/gfx_mono_generic.o
 .comment       0x00000030       0x31 src/ASF/common/services/gfx_mono/gfx_mono_menu.o
 .comment       0x00000030       0x31 src/ASF/common/services/gfx_mono/gfx_mono_text.o
 .comment       0x00000030       0x31 src/ASF/common/services/gfx_mono/sysfont.o
 .comment       0x00000030       0x31 src/ASF/common/services/spi/xmega_usart_spi/usart_spi.o
 .comment       0x00000030       0x31 src/ASF/common/services/ioport/xmega/ioport_compat.o
 .comment       0x00000030       0x31 src/ASF/xmega/boards/xmega_a3bu_xplained/init.o
 .comment       0x00000030       0x31 src/ASF/xmega/drivers/usart/usart.o
 .comment       0x00000030       0x31 src/keyboard.o
 .comment       0x00000030       0x31 src/main.o

.note.gnu.avr.deviceinfo
                0x00000000       0x44
 .note.gnu.avr.deviceinfo
                0x00000000       0x44 C:/Program Files (x86)/Atmel/Studio/7.0/Packs/atmel/XMEGAA_DFP/1.0.38/gcc/dev/atxmega256a3bu/avrxmega6/crtatxmega256a3bu.o

.note.gnu.build-id
 *(.note.gnu.build-id)

.debug
 *(.debug)

.line
 *(.line)

.debug_srcinfo
 *(.debug_srcinfo)

.debug_sfnames
 *(.debug_sfnames)

.debug_aranges  0x00000000      0x398
 *(.debug_aranges)
 .debug_aranges
                0x00000000       0x20 src/jets_util.o
 .debug_aranges
                0x00000020       0x28 src/solenoid.o
 .debug_aranges
                0x00000048       0x28 src/music.o
 .debug_aranges
                0x00000070       0x20 src/ASF/common/components/display/st7565r/st7565r.o
 .debug_aranges
                0x00000090       0x40 src/ASF/common/services/clock/xmega/sysclk.o
 .debug_aranges
                0x000000d0       0x60 src/ASF/common/services/gfx_mono/gfx_mono_c12832_a1z.o
 .debug_aranges
                0x00000130       0x58 src/ASF/common/services/gfx_mono/gfx_mono_framebuffer.o
 .debug_aranges
                0x00000188       0x58 src/ASF/common/services/gfx_mono/gfx_mono_generic.o
 .debug_aranges
                0x000001e0       0x30 src/ASF/common/services/gfx_mono/gfx_mono_menu.o
 .debug_aranges
                0x00000210       0x40 src/ASF/common/services/gfx_mono/gfx_mono_text.o
 .debug_aranges
                0x00000250       0x18 src/ASF/common/services/gfx_mono/sysfont.o
 .debug_aranges
                0x00000268       0x48 src/ASF/common/services/spi/xmega_usart_spi/usart_spi.o
 .debug_aranges
                0x000002b0       0x20 src/ASF/common/services/ioport/xmega/ioport_compat.o
 .debug_aranges
                0x000002d0       0x20 src/ASF/xmega/boards/xmega_a3bu_xplained/init.o
 .debug_aranges
                0x000002f0       0x58 src/ASF/xmega/drivers/usart/usart.o
 .debug_aranges
                0x00000348       0x20 src/keyboard.o
 .debug_aranges
                0x00000368       0x30 src/main.o

.debug_pubnames
 *(.debug_pubnames)

.debug_info     0x00000000     0xbcff
 *(.debug_info .gnu.linkonce.wi.*)
 .debug_info    0x00000000      0x119 src/jets_util.o
 .debug_info    0x00000119      0x6c3 src/solenoid.o
 .debug_info    0x000007dc      0x1d7 src/music.o
 .debug_info    0x000009b3     0x188a src/ASF/common/components/display/st7565r/st7565r.o
 .debug_info    0x0000223d      0x705 src/ASF/common/services/clock/xmega/sysclk.o
 .debug_info    0x00002942     0x1d87 src/ASF/common/services/gfx_mono/gfx_mono_c12832_a1z.o
 .debug_info    0x000046c9      0x499 src/ASF/common/services/gfx_mono/gfx_mono_framebuffer.o
 .debug_info    0x00004b62      0xc60 src/ASF/common/services/gfx_mono/gfx_mono_generic.o
 .debug_info    0x000057c2      0x56c src/ASF/common/services/gfx_mono/gfx_mono_menu.o
 .debug_info    0x00005d2e      0x741 src/ASF/common/services/gfx_mono/gfx_mono_text.o
 .debug_info    0x0000646f      0x1a6 src/ASF/common/services/gfx_mono/sysfont.o
 .debug_info    0x00006615      0xbd0 src/ASF/common/services/spi/xmega_usart_spi/usart_spi.o
 .debug_info    0x000071e5      0x11d src/ASF/common/services/ioport/xmega/ioport_compat.o
 .debug_info    0x00007302      0xa6d src/ASF/xmega/boards/xmega_a3bu_xplained/init.o
 .debug_info    0x00007d6f     0x2d09 src/ASF/xmega/drivers/usart/usart.o
 .debug_info    0x0000aa78      0x562 src/keyboard.o
 .debug_info    0x0000afda      0xd25 src/main.o

.debug_abbrev   0x00000000     0x21f9
 *(.debug_abbrev)
 .debug_abbrev  0x00000000       0xd8 src/jets_util.o
 .debug_abbrev  0x000000d8      0x1e0 src/solenoid.o
 .debug_abbrev  0x000002b8       0xf4 src/music.o
 .debug_abbrev  0x000003ac      0x290 src/ASF/common/components/display/st7565r/st7565r.o
 .debug_abbrev  0x0000063c      0x25b src/ASF/common/services/clock/xmega/sysclk.o
 .debug_abbrev  0x00000897      0x39f src/ASF/common/services/gfx_mono/gfx_mono_c12832_a1z.o
 .debug_abbrev  0x00000c36      0x19a src/ASF/common/services/gfx_mono/gfx_mono_framebuffer.o
 .debug_abbrev  0x00000dd0      0x1d8 src/ASF/common/services/gfx_mono/gfx_mono_generic.o
 .debug_abbrev  0x00000fa8      0x1a7 src/ASF/common/services/gfx_mono/gfx_mono_menu.o
 .debug_abbrev  0x0000114f      0x233 src/ASF/common/services/gfx_mono/gfx_mono_text.o
 .debug_abbrev  0x00001382       0xe0 src/ASF/common/services/gfx_mono/sysfont.o
 .debug_abbrev  0x00001462      0x2ed src/ASF/common/services/spi/xmega_usart_spi/usart_spi.o
 .debug_abbrev  0x0000174f       0x93 src/ASF/common/services/ioport/xmega/ioport_compat.o
 .debug_abbrev  0x000017e2      0x160 src/ASF/xmega/boards/xmega_a3bu_xplained/init.o
 .debug_abbrev  0x00001942      0x3df src/ASF/xmega/drivers/usart/usart.o
 .debug_abbrev  0x00001d21      0x1c6 src/keyboard.o
 .debug_abbrev  0x00001ee7      0x312 src/main.o

.debug_line     0x00000000     0x8a94
 *(.debug_line .debug_line.* .debug_line_end)
 .debug_line    0x00000000      0x1c6 src/jets_util.o
 .debug_line    0x000001c6      0x583 src/solenoid.o
 .debug_line    0x00000749      0x587 src/music.o
 .debug_line    0x00000cd0      0xaa0 src/ASF/common/components/display/st7565r/st7565r.o
 .debug_line    0x00001770      0x607 src/ASF/common/services/clock/xmega/sysclk.o
 .debug_line    0x00001d77      0xdcb src/ASF/common/services/gfx_mono/gfx_mono_c12832_a1z.o
 .debug_line    0x00002b42      0x93c src/ASF/common/services/gfx_mono/gfx_mono_framebuffer.o
 .debug_line    0x0000347e      0xc2f src/ASF/common/services/gfx_mono/gfx_mono_generic.o
 .debug_line    0x000040ad      0x90d src/ASF/common/services/gfx_mono/gfx_mono_menu.o
 .debug_line    0x000049ba      0x9ba src/ASF/common/services/gfx_mono/gfx_mono_text.o
 .debug_line    0x00005374      0x7c2 src/ASF/common/services/gfx_mono/sysfont.o
 .debug_line    0x00005b36      0x7ee src/ASF/common/services/spi/xmega_usart_spi/usart_spi.o
 .debug_line    0x00006324      0x4b4 src/ASF/common/services/ioport/xmega/ioport_compat.o
 .debug_line    0x000067d8      0x4df src/ASF/xmega/boards/xmega_a3bu_xplained/init.o
 .debug_line    0x00006cb7      0xc9d src/ASF/xmega/drivers/usart/usart.o
 .debug_line    0x00007954      0x67a src/keyboard.o
 .debug_line    0x00007fce      0xac6 src/main.o

.debug_frame    0x00000000      0xa70
 *(.debug_frame)
 .debug_frame   0x00000000       0x24 src/jets_util.o
 .debug_frame   0x00000024       0x48 src/solenoid.o
 .debug_frame   0x0000006c       0x54 src/music.o
 .debug_frame   0x000000c0       0x58 src/ASF/common/components/display/st7565r/st7565r.o
 .debug_frame   0x00000118       0x64 src/ASF/common/services/clock/xmega/sysclk.o
 .debug_frame   0x0000017c      0x1b4 src/ASF/common/services/gfx_mono/gfx_mono_c12832_a1z.o
 .debug_frame   0x00000330       0xd0 src/ASF/common/services/gfx_mono/gfx_mono_framebuffer.o
 .debug_frame   0x00000400      0x21c src/ASF/common/services/gfx_mono/gfx_mono_generic.o
 .debug_frame   0x0000061c       0x74 src/ASF/common/services/gfx_mono/gfx_mono_menu.o
 .debug_frame   0x00000690      0x100 src/ASF/common/services/gfx_mono/gfx_mono_text.o
 .debug_frame   0x00000790       0x90 src/ASF/common/services/spi/xmega_usart_spi/usart_spi.o
 .debug_frame   0x00000820       0x30 src/ASF/common/services/ioport/xmega/ioport_compat.o
 .debug_frame   0x00000850       0x24 src/ASF/xmega/boards/xmega_a3bu_xplained/init.o
 .debug_frame   0x00000874      0x154 src/ASF/xmega/drivers/usart/usart.o
 .debug_frame   0x000009c8       0x24 src/keyboard.o
 .debug_frame   0x000009ec       0x84 src/main.o

.debug_str      0x00000000    0x2ee1f
 *(.debug_str)
 .debug_str     0x00000000     0x3cbc src/jets_util.o
                               0x3d33 (size before relaxing)
 .debug_str     0x00003cbc    0x24f4c src/solenoid.o
                              0x29222 (size before relaxing)
 .debug_str     0x00028c08       0xe9 src/music.o
                              0x290d7 (size before relaxing)
 .debug_str     0x00028cf1     0x1fb0 src/ASF/common/components/display/st7565r/st7565r.o
                              0x2af3b (size before relaxing)
 .debug_str     0x0002aca1      0x3a9 src/ASF/common/services/clock/xmega/sysclk.o
                              0x29d91 (size before relaxing)
 .debug_str     0x0002b04a      0xc05 src/ASF/common/services/gfx_mono/gfx_mono_c12832_a1z.o
                              0x2b83c (size before relaxing)
 .debug_str     0x0002bc4f       0xba src/ASF/common/services/gfx_mono/gfx_mono_framebuffer.o
                              0x2b457 (size before relaxing)
 .debug_str     0x0002bd09      0x225 src/ASF/common/services/gfx_mono/gfx_mono_generic.o
                              0x2b59a (size before relaxing)
 .debug_str     0x0002bf2e     0x1378 src/ASF/common/services/gfx_mono/gfx_mono_menu.o
                              0x2c6e2 (size before relaxing)
 .debug_str     0x0002d2a6      0x1c7 src/ASF/common/services/gfx_mono/gfx_mono_text.o
                              0x2b53f (size before relaxing)
 .debug_str     0x0002d46d       0x3d src/ASF/common/services/gfx_mono/sysfont.o
                              0x2c38b (size before relaxing)
 .debug_str     0x0002d4aa      0x1d1 src/ASF/common/services/spi/xmega_usart_spi/usart_spi.o
                              0x2a587 (size before relaxing)
 .debug_str     0x0002d67b       0x77 src/ASF/common/services/ioport/xmega/ioport_compat.o
                              0x27af3 (size before relaxing)
 .debug_str     0x0002d6f2       0xf7 src/ASF/xmega/boards/xmega_a3bu_xplained/init.o
                              0x296ca (size before relaxing)
 .debug_str     0x0002d7e9      0xab9 src/ASF/xmega/drivers/usart/usart.o
                              0x2b0c6 (size before relaxing)
 .debug_str     0x0002e2a2      0x415 src/keyboard.o
                              0x291b9 (size before relaxing)
 .debug_str     0x0002e6b7      0x768 src/main.o
                              0x2db44 (size before relaxing)

.debug_loc      0x00000000     0x4fd6
 *(.debug_loc)
 .debug_loc     0x00000000       0xa0 src/jets_util.o
 .debug_loc     0x000000a0       0xed src/solenoid.o
 .debug_loc     0x0000018d       0xf3 src/music.o
 .debug_loc     0x00000280      0x113 src/ASF/common/components/display/st7565r/st7565r.o
 .debug_loc     0x00000393      0x1ff src/ASF/common/services/clock/xmega/sysclk.o
 .debug_loc     0x00000592      0xde0 src/ASF/common/services/gfx_mono/gfx_mono_c12832_a1z.o
 .debug_loc     0x00001372      0x62c src/ASF/common/services/gfx_mono/gfx_mono_framebuffer.o
 .debug_loc     0x0000199e     0x1193 src/ASF/common/services/gfx_mono/gfx_mono_generic.o
 .debug_loc     0x00002b31      0x277 src/ASF/common/services/gfx_mono/gfx_mono_menu.o
 .debug_loc     0x00002da8      0x997 src/ASF/common/services/gfx_mono/gfx_mono_text.o
 .debug_loc     0x0000373f      0x58a src/ASF/common/services/spi/xmega_usart_spi/usart_spi.o
 .debug_loc     0x00003cc9       0x66 src/ASF/common/services/ioport/xmega/ioport_compat.o
 .debug_loc     0x00003d2f     0x106a src/ASF/xmega/drivers/usart/usart.o
 .debug_loc     0x00004d99       0x88 src/keyboard.o
 .debug_loc     0x00004e21      0x1b5 src/main.o

.debug_macinfo
 *(.debug_macinfo)

.debug_weaknames
 *(.debug_weaknames)

.debug_funcnames
 *(.debug_funcnames)

.debug_typenames
 *(.debug_typenames)

.debug_varnames
 *(.debug_varnames)

.debug_pubtypes
 *(.debug_pubtypes)

.debug_ranges   0x00000000      0x498
 *(.debug_ranges)
 .debug_ranges  0x00000000       0x10 src/jets_util.o
 .debug_ranges  0x00000010       0x18 src/solenoid.o
 .debug_ranges  0x00000028       0x18 src/music.o
 .debug_ranges  0x00000040       0x10 src/ASF/common/components/display/st7565r/st7565r.o
 .debug_ranges  0x00000050       0x30 src/ASF/common/services/clock/xmega/sysclk.o
 .debug_ranges  0x00000080      0x188 src/ASF/common/services/gfx_mono/gfx_mono_c12832_a1z.o
 .debug_ranges  0x00000208       0x48 src/ASF/common/services/gfx_mono/gfx_mono_framebuffer.o
 .debug_ranges  0x00000250       0x48 src/ASF/common/services/gfx_mono/gfx_mono_generic.o
 .debug_ranges  0x00000298       0x20 src/ASF/common/services/gfx_mono/gfx_mono_menu.o
 .debug_ranges  0x000002b8       0x30 src/ASF/common/services/gfx_mono/gfx_mono_text.o
 .debug_ranges  0x000002e8       0x98 src/ASF/common/services/spi/xmega_usart_spi/usart_spi.o
 .debug_ranges  0x00000380       0x10 src/ASF/common/services/ioport/xmega/ioport_compat.o
 .debug_ranges  0x00000390       0x10 src/ASF/xmega/boards/xmega_a3bu_xplained/init.o
 .debug_ranges  0x000003a0       0x80 src/ASF/xmega/drivers/usart/usart.o
 .debug_ranges  0x00000420       0x58 src/keyboard.o
 .debug_ranges  0x00000478       0x20 src/main.o

.debug_macro    0x00000000     0xc8a8
 *(.debug_macro)
 .debug_macro   0x00000000       0x5f src/jets_util.o
 .debug_macro   0x0000005f      0xa9c src/jets_util.o
 .debug_macro   0x00000afb       0x10 src/jets_util.o
 .debug_macro   0x00000b0b      0x1ad src/jets_util.o
 .debug_macro   0x00000cb8      0x293 src/jets_util.o
 .debug_macro   0x00000f4b      0x166 src/jets_util.o
 .debug_macro   0x000010b1      0x1c9 src/solenoid.o
 .debug_macro   0x0000127a      0x644 src/solenoid.o
 .debug_macro   0x000018be       0x10 src/solenoid.o
 .debug_macro   0x000018ce       0x9e src/solenoid.o
 .debug_macro   0x0000196c     0x5e34 src/solenoid.o
 .debug_macro   0x000077a0       0x9a src/solenoid.o
 .debug_macro   0x0000783a       0xf1 src/solenoid.o
 .debug_macro   0x0000792b       0x34 src/solenoid.o
 .debug_macro   0x0000795f       0x10 src/solenoid.o
 .debug_macro   0x0000796f       0x18 src/solenoid.o
 .debug_macro   0x00007987       0x5e src/solenoid.o
 .debug_macro   0x000079e5       0x10 src/solenoid.o
 .debug_macro   0x000079f5       0x22 src/solenoid.o
 .debug_macro   0x00007a17      0x166 src/solenoid.o
 .debug_macro   0x00007b7d       0x1c src/solenoid.o
 .debug_macro   0x00007b99       0x35 src/solenoid.o
 .debug_macro   0x00007bce       0x66 src/solenoid.o
 .debug_macro   0x00007c34       0x97 src/solenoid.o
 .debug_macro   0x00007ccb       0x17 src/solenoid.o
 .debug_macro   0x00007ce2      0x250 src/solenoid.o
 .debug_macro   0x00007f32       0x76 src/solenoid.o
 .debug_macro   0x00007fa8       0x16 src/solenoid.o
 .debug_macro   0x00007fbe      0x6e3 src/solenoid.o
 .debug_macro   0x000086a1       0x10 src/solenoid.o
 .debug_macro   0x000086b1      0x175 src/solenoid.o
 .debug_macro   0x00008826       0x40 src/solenoid.o
 .debug_macro   0x00008866       0x69 src/solenoid.o
 .debug_macro   0x000088cf       0x32 src/solenoid.o
 .debug_macro   0x00008901       0xe4 src/solenoid.o
 .debug_macro   0x000089e5       0x82 src/solenoid.o
 .debug_macro   0x00008a67      0x109 src/solenoid.o
 .debug_macro   0x00008b70      0x160 src/solenoid.o
 .debug_macro   0x00008cd0      0x303 src/solenoid.o
 .debug_macro   0x00008fd3      0x1dd src/music.o
 .debug_macro   0x000091b0       0xaa src/music.o
 .debug_macro   0x0000925a       0x60 src/music.o
 .debug_macro   0x000092ba       0x28 src/music.o
 .debug_macro   0x000092e2      0x276 src/ASF/common/components/display/st7565r/st7565r.o
 .debug_macro   0x00009558       0x22 src/ASF/common/components/display/st7565r/st7565r.o
 .debug_macro   0x0000957a      0x2aa src/ASF/common/components/display/st7565r/st7565r.o
 .debug_macro   0x00009824       0x7d src/ASF/common/components/display/st7565r/st7565r.o
 .debug_macro   0x000098a1       0x2f src/ASF/common/components/display/st7565r/st7565r.o
 .debug_macro   0x000098d0      0x154 src/ASF/common/components/display/st7565r/st7565r.o
 .debug_macro   0x00009a24       0x28 src/ASF/common/components/display/st7565r/st7565r.o
 .debug_macro   0x00009a4c       0x23 src/ASF/common/components/display/st7565r/st7565r.o
 .debug_macro   0x00009a6f       0x3a src/ASF/common/components/display/st7565r/st7565r.o
 .debug_macro   0x00009aa9      0x100 src/ASF/common/components/display/st7565r/st7565r.o
 .debug_macro   0x00009ba9       0x34 src/ASF/common/components/display/st7565r/st7565r.o
 .debug_macro   0x00009bdd       0x2e src/ASF/common/components/display/st7565r/st7565r.o
 .debug_macro   0x00009c0b      0x1db src/ASF/common/services/clock/xmega/sysclk.o
 .debug_macro   0x00009de6       0x26 src/ASF/common/services/clock/xmega/sysclk.o
 .debug_macro   0x00009e0c      0x2ba src/ASF/common/services/gfx_mono/gfx_mono_c12832_a1z.o
 .debug_macro   0x0000a0c6       0x7a src/ASF/common/services/gfx_mono/gfx_mono_c12832_a1z.o
 .debug_macro   0x0000a140       0x89 src/ASF/common/services/gfx_mono/gfx_mono_c12832_a1z.o
 .debug_macro   0x0000a1c9      0x2ae src/ASF/common/services/gfx_mono/gfx_mono_framebuffer.o
 .debug_macro   0x0000a477      0x299 src/ASF/common/services/gfx_mono/gfx_mono_framebuffer.o
 .debug_macro   0x0000a710      0x2ae src/ASF/common/services/gfx_mono/gfx_mono_generic.o
 .debug_macro   0x0000a9be      0x2df src/ASF/common/services/gfx_mono/gfx_mono_menu.o
 .debug_macro   0x0000ac9d       0x34 src/ASF/common/services/gfx_mono/gfx_mono_menu.o
 .debug_macro   0x0000acd1       0x34 src/ASF/common/services/gfx_mono/gfx_mono_menu.o
 .debug_macro   0x0000ad05       0x1c src/ASF/common/services/gfx_mono/gfx_mono_menu.o
 .debug_macro   0x0000ad21      0x2d5 src/ASF/common/services/gfx_mono/gfx_mono_text.o
 .debug_macro   0x0000aff6      0x2db src/ASF/common/services/gfx_mono/sysfont.o
 .debug_macro   0x0000b2d1       0x3a src/ASF/common/services/gfx_mono/sysfont.o
 .debug_macro   0x0000b30b      0x234 src/ASF/common/services/spi/xmega_usart_spi/usart_spi.o
 .debug_macro   0x0000b53f      0x193 src/ASF/common/services/ioport/xmega/ioport_compat.o
 .debug_macro   0x0000b6d2      0x1b5 src/ASF/xmega/boards/xmega_a3bu_xplained/init.o
 .debug_macro   0x0000b887       0x2e src/ASF/xmega/boards/xmega_a3bu_xplained/init.o
 .debug_macro   0x0000b8b5      0x2a4 src/ASF/xmega/boards/xmega_a3bu_xplained/init.o
 .debug_macro   0x0000bb59      0x221 src/ASF/xmega/drivers/usart/usart.o
 .debug_macro   0x0000bd7a      0x1ca src/keyboard.o
 .debug_macro   0x0000bf44      0x2fd src/keyboard.o
 .debug_macro   0x0000c241       0x40 src/keyboard.o
 .debug_macro   0x0000c281       0x3a src/keyboard.o
 .debug_macro   0x0000c2bb      0x3ae src/main.o
 .debug_macro   0x0000c669       0x34 src/main.o
 .debug_macro   0x0000c69d       0x16 src/main.o
 .debug_macro   0x0000c6b3       0x46 src/main.o
 .debug_macro   0x0000c6f9       0x1c src/main.o
 .debug_macro   0x0000c715       0x58 src/main.o
 .debug_macro   0x0000c76d       0x10 src/main.o
 .debug_macro   0x0000c77d       0xeb src/main.o
 .debug_macro   0x0000c868       0x40 src/main.o
OUTPUT(Final_Project.elf elf32-avr)
LOAD linker stubs

.BOOT           0x00040000        0x0
